// Jest Snapshot v1, https://goo.gl/fbAQLP

exports[`renders correctly 1`] = `
.c0.c0 {
  font-size: 1rem;
}

<span
  className=""
  onClick={[Function]}
  onKeyPress={[Function]}
  role="button"
  tabIndex={0}
>
  test
  <i
    className="material-icons Ordering___StyledUIIcon-sc-lz503s-1 jWfwXK c0"
    name="unfold_more"
  >
    unfold_more
  </i>
</span>
`;
