// Jest Snapshot v1, https://goo.gl/fbAQLP

exports[`renders correctly 1`] = `
.c0 .react-datepicker-wrapper {
  display: block;
}

.c0 .react-datepicker__input-container {
  display: block;
}

.c1 {
  display: block;
  width: 100%;
}

<div
  className="c0"
>
  <div
    className="react-datepicker-wrapper"
  >
    <div
      className="react-datepicker__input-container"
    >
      <input
        className="c1"
        disabled={false}
        onBlur={[Function]}
        onChange={[Function]}
        onClick={[Function]}
        onFocus={[Function]}
        onKeyDown={[Function]}
        readOnly={false}
        type="text"
        value=""
      />
    </div>
  </div>
</div>
`;
